RAM Allocation [bytes]
Variable                                                                          Address   Size
------------------------------------------------------------------------------------------------
_base_y                                                                           0x0500       4
_seed                                                                             0x0504       4

EEPROM Allocation [bytes]
Variable                                                                          Address   Size
------------------------------------------------------------------------------------------------

Register Allocation
Variable                                                                          Register  Size
------------------------------------------------------------------------------------------------
i                                                                                 R5           1
adc_val                                                                           R6,R7        2
adc_arg                                                                           R8,R9        2
buf                                                                               R10,R11      2
_lcd_x                                                                            R4           1
_lcd_y                                                                            R13          1
_lcd_maxx                                                                         R12          1

FLASH Allocation [words]
Function                                                                          Address   Size
------------------------------------------------------------------------------------------------
read_adc                                                                          0x0008A     13
main                                                                              0x00097     54
_lcd_write_nibble_G100                                                            0x000CD     37
_lcd_write_data                                                                   0x000F2     12
lcd_gotoxy                                                                        0x000FE     13
lcd_clear                                                                         0x0010B     12
lcd_putchar                                                                       0x00117     21
lcd_puts                                                                          0x0012C     17
lcd_init                                                                          0x0013D     47
itoa                                                                              0x0016C     46
